// Jest Snapshot v1, https://goo.gl/fbAQLP

exports[`TriggerExpressions renders 1`] = `
<EuiFlexGroup
  alignItems="center"
>
  <EuiFlexItem
    grow={false}
  >
    <EuiPopover
      anchorPosition="downLeft"
      button={
        <EuiFormRow
          describedByIds={Array []}
          fullWidth={false}
          hasEmptyLabelSpace={false}
          label="Trigger condition"
          labelType="label"
        >
          <EuiExpression
            description="IS ABOVE"
            isActive={false}
            onClick={[Function]}
            value="500"
          />
        </EuiFormRow>
      }
      closePopover={[Function]}
      hasArrow={true}
      id="trigger-popover"
      isOpen={false}
      ownFocus={true}
      panelPaddingSize="none"
      withTitle={true}
    >
      <div
        style={
          Object {
            "zIndex": "200",
          }
        }
      >
        <EuiFlexGroup
          style={
            Object {
              "maxWidth": 600,
              "padding": "20px",
              "whiteSpace": "nowrap",
            }
          }
        >
          <EuiFlexItem
            grow={false}
            style={
              Object {
                "width": 150,
              }
            }
          >
            <C
              name="thresholdEnum"
              render={[Function]}
            />
          </EuiFlexItem>
          <EuiFlexItem
            grow={false}
            style={
              Object {
                "width": 100,
              }
            }
          >
            <C
              name="thresholdValue"
              render={[Function]}
            />
          </EuiFlexItem>
        </EuiFlexGroup>
      </div>
    </EuiPopover>
  </EuiFlexItem>
</EuiFlexGroup>
`;
