// Jest Snapshot v1, https://goo.gl/fbAQLP

exports[`Message renders 1`] = `
<div>
  <div
    class="euiFormRow"
    id="actions.0.subject_template.source-row"
  >
    <div>
      <label
        aria-invalid="false"
        class="euiFormLabel"
        for="actions.0.subject_template.source"
      >
        Message subject
      </label>
    </div>
    <div
      class="euiFormControlLayout"
    >
      <div
        class="euiFormControlLayout__childrenWrapper"
      >
        <input
          class="euiFieldText"
          name="actions.0.subject_template.source"
          type="text"
        />
      </div>
    </div>
  </div>
  <div
    class="euiFormRow"
    id="actions.0.message_template.source-row"
    style="max-width:100%"
  >
    <div>
      <label
        aria-invalid="false"
        class="euiFormLabel"
        for="actions.0.message_template.source"
      >
        <div>
          <span>
            Message
          </span>
          <button
            class="euiButtonEmpty euiButtonEmpty--primary euiButtonEmpty--small"
            type="button"
          >
            <span
              class="euiButtonEmpty__content"
            >
              <span
                class="euiButtonEmpty__text"
              >
                Info
              </span>
            </span>
          </button>
        </div>
      </label>
    </div>
    <textarea
      class="euiTextArea euiTextArea--resizeVertical euiTextArea--fullWidth"
      name="actions.0.message_template.source"
      placeholder="Can use mustache templates"
      rows="6"
    />
    <div
      class="euiFormHelpText euiFormRow__text"
      id="actions.0.message_template.source-help"
    >
      <div
        class="euiFlexGroup euiFlexGroup--gutterLarge euiFlexGroup--alignItemsCenter euiFlexGroup--justifyContentSpaceBetween euiFlexGroup--directionRow euiFlexGroup--responsive"
      >
        <div
          class="euiFlexItem"
        >
          <div
            class="euiText euiText--extraSmall"
          >
            Embed variables in your message using Mustache templates. 
            <a
              href="https://mustache.github.io/mustache.5.html"
            >
              Learn more about Mustache
            </a>
          </div>
        </div>
        <div
          class="euiFlexItem euiFlexItem--flexGrowZero"
        >
          <div
            class="euiText euiText--extraSmall"
          >
            <button
              class="euiButtonEmpty euiButtonEmpty--primary"
              type="button"
            >
              <span
                class="euiButtonEmpty__content"
              >
                <span
                  class="euiButtonEmpty__text"
                >
                  Send test message
                </span>
              </span>
            </button>
          </div>
        </div>
      </div>
    </div>
  </div>
  <div
    class="euiFormRow"
    id="testing-id-row"
    style="max-width:100%"
  >
    <div>
      <label
        class="euiFormLabel"
        for="testing-id"
      >
        Message preview
      </label>
    </div>
    <textarea
      class="euiTextArea euiTextArea--resizeVertical euiTextArea--fullWidth read-only-text-area"
      id="testing-id"
      placeholder="Preview of mustache template"
      readonly=""
      rows="6"
    >
      Monitor  just entered alert status. Please investigate the issue.
- Trigger: 
- Severity: 
- Period start: 
- Period end: 
    </textarea>
  </div>
  <div
    class="euiSpacer euiSpacer--s"
  />
  <div
    class="euiFormRow"
    id="testing-id-row"
    style="max-width:100%"
  >
    <div>
      <label
        class="euiFormLabel"
        for="testing-id"
      >
        <div>
          <span
            style="color:#343741"
          >
            Action throttling
          </span>
          <button
            class="euiButtonEmpty euiButtonEmpty--primary euiButtonEmpty--small"
            type="button"
          >
            <span
              class="euiButtonEmpty__content"
            >
              <span
                class="euiButtonEmpty__text"
              >
                Info
              </span>
            </span>
          </button>
        </div>
      </label>
    </div>
    <div
      class="euiFlexGroup euiFlexGroup--gutterLarge euiFlexGroup--directionColumn euiFlexGroup--responsive"
      id="testing-id"
    >
      <div
        class="euiFlexItem euiFlexItem--flexGrowZero"
        style="margin-bottom:12px"
      >
        <div
          class="euiCheckbox"
        >
          <input
            class="euiCheckbox__input"
            id="actions.0.throttle_enabled"
            name="actions.0.throttle_enabled"
            type="checkbox"
          />
          <div
            class="euiCheckbox__square"
          />
          <label
            class="euiCheckbox__label"
            for="actions.0.throttle_enabled"
          >
            Enable action throttling
          </label>
        </div>
      </div>
      <div
        class="euiFlexGroup euiFlexGroup--gutterLarge euiFlexGroup--alignItemsCenter euiFlexGroup--directionRow euiFlexGroup--responsive"
        style="margin:0px;display:none"
      >
        <div
          class="euiFlexItem euiFlexItem--flexGrowZero"
          style="margin-right:0px"
        >
          <div
            class="euiFormRow"
            id="testing-id-row"
          >
            <div>
              <label
                class="euiFormLabel"
                for="testing-id"
              >
                Throttle actions to only trigger every
              </label>
            </div>
            <div
              class="euiFormRow"
              id="actions.0.throttle.value-row"
            >
              <div
                class="euiFormControlLayout euiFormControlLayout--compressed euiFormControlLayout--group"
              >
                <div
                  class="euiFormControlLayout__childrenWrapper"
                >
                  <input
                    class="euiFieldNumber euiFieldNumber--compressed euiFieldNumber--inGroup"
                    disabled=""
                    max="1440"
                    min="1"
                    name="actions.0.throttle.value"
                    style="width:400px;height:40px"
                    type="number"
                  />
                </div>
                <div
                  class="euiText euiText--medium euiFormControlLayout__append"
                  style="height:40px;line-height:24px;background-color:transparent;padding-left:4px"
                >
                  minutes
                </div>
              </div>
              <div
                class="euiFormHelpText euiFormRow__text"
                id="actions.0.throttle.value-help"
              >
                Throttle value must be greater than 0 and less than 1440
              </div>
            </div>
          </div>
        </div>
      </div>
    </div>
  </div>
</div>
`;
