// Jest Snapshot v1, https://goo.gl/fbAQLP

exports[`DefineMonitor renders 1`] = `
<ContentPanel
  actions={Array []}
  bodyStyles={
    Object {
      "padding": "initial",
    }
  }
  title="Define monitor"
  titleSize="s"
>
  <MonitorDefinition
    plugins={Array []}
    resetResponse={[Function]}
  />
  <MonitorIndex
    httpClient={[MockFunction]}
  />
  <MonitorTimeField
    dataTypes={Object {}}
  />
  <div
    style={
      Object {
        "padding": "0px 10px",
      }
    }
  >
    <div
      style={
        Object {
          "border": "1px solid #D9D9D9",
          "borderRadius": "5px",
          "padding": "20px",
        }
      }
    >
      <div
        style={
          Object {
            "alignItems": "center",
            "display": "flex",
            "height": "450px",
            "justifyContent": "center",
          }
        }
      >
        <div>
          You must specify an index.
        </div>
      </div>
    </div>
  </div>
  <EuiSpacer
    size="m"
  />
  <QueryPerformance
    response={null}
  />
</ContentPanel>
`;

exports[`DefineMonitor should show warning in case of Ad monitor and plugin is not installed 1`] = `
<ContentPanel
  actions={Array []}
  bodyStyles={
    Object {
      "padding": "initial",
    }
  }
  title="Define monitor"
  titleSize="s"
>
  <EuiCallOut
    color="warning"
    iconType="help"
    size="s"
    title="Anomaly detector plugin is not installed on Elasticsearch, This monitor will not functional properly."
  />
  <EuiSpacer
    size="s"
  />
  <MonitorDefinition
    plugins={Array []}
    resetResponse={[Function]}
  />
  <div
    style={
      Object {
        "padding": "0px 10px",
      }
    }
  >
    <AnomalyDetectors
      httpClient={[MockFunction]}
      renderEmptyMessage={[Function]}
      values={
        Object {
          "aggregationType": "count",
          "bucketUnitOfTime": "h",
          "bucketValue": 1,
          "cronExpression": "0 */1 * * *",
          "daily": 0,
          "detectorId": "",
          "disabled": false,
          "fieldName": Array [],
          "frequency": "interval",
          "groupedOverFieldName": "bytes",
          "groupedOverTop": 5,
          "index": Array [],
          "monthly": Object {
            "day": 1,
            "type": "day",
          },
          "name": "",
          "overDocuments": "all documents",
          "period": Object {
            "interval": 1,
            "unit": "MINUTES",
          },
          "query": "{
    \\"size\\": 0,
    \\"query\\": {
        \\"match_all\\": {}
    }
}",
          "searchType": "ad",
          "timeField": "",
          "timezone": Array [],
          "weekly": Object {
            "fri": false,
            "mon": false,
            "sat": false,
            "sun": false,
            "thur": false,
            "tue": false,
            "wed": false,
          },
          "where": Object {
            "fieldName": Array [],
            "fieldRangeEnd": 0,
            "fieldRangeStart": 0,
            "fieldValue": "",
            "operator": "is",
          },
        }
      }
    />
  </div>
</ContentPanel>
`;
