// Jest Snapshot v1, https://goo.gl/fbAQLP

exports[`OverExpression renders 1`] = `
<div
  class="euiPopover euiPopover--anchorDownLeft euiPopover--withTitle"
  id="over-popover"
>
  <div
    class="euiPopover__anchor"
  >
    <button
      class="euiExpression euiExpression-isClickable euiExpression-isUppercase euiExpression--secondary"
    >
      <span
        class="euiExpression__description"
      >
        over
      </span>
       
      <span
        class="euiExpression__value"
      >
        all documents
      </span>
    </button>
  </div>
</div>
`;
