// Jest Snapshot v1, https://goo.gl/fbAQLP

exports[`MonitorDefinition renders 1`] = `
<div
  class="euiFormRow"
  id="searchType-row"
  style="padding-left:10px"
>
  <div>
    <label
      class="euiFormLabel"
      for="searchType"
    >
      How do you want to define the monitor?
    </label>
  </div>
  <div
    class="euiFormControlLayout"
  >
    <div
      class="euiFormControlLayout__childrenWrapper"
    >
      <select
        class="euiSelect"
        id="searchType"
        name="searchType"
      >
        <option
          value="graph"
        >
          Define using visual graph
        </option>
        <option
          value="query"
        >
          Define using extraction query
        </option>
      </select>
      <div
        class="euiFormControlLayoutIcons euiFormControlLayoutIcons--right"
      >
        <span
          class="euiFormControlLayoutCustomIcon"
        >
          <svg
            aria-hidden="true"
            class="euiIcon euiIcon--medium euiFormControlLayoutCustomIcon__icon"
            focusable="false"
            height="16"
            viewBox="0 0 16 16"
            width="16"
            xlink="http://www.w3.org/1999/xlink"
            xmlns="http://www.w3.org/2000/svg"
          >
            <defs>
              <path
                d="M13.069 5.157L8.384 9.768a.546.546 0 0 1-.768 0L2.93 5.158a.552.552 0 0 0-.771 0 .53.53 0 0 0 0 .759l4.684 4.61c.641.631 1.672.63 2.312 0l4.684-4.61a.53.53 0 0 0 0-.76.552.552 0 0 0-.771 0z"
                id="arrow_down-a"
              />
            </defs>
            <use
              fill-rule="nonzero"
              href="#arrow_down-a"
            />
          </svg>
        </span>
      </div>
    </div>
  </div>
</div>
`;
