// Jest Snapshot v1, https://goo.gl/fbAQLP

exports[`MonitorState renders 1`] = `
Array [
  <div
    class="euiSpacer euiSpacer--s"
  />,
  <div
    class="euiFormRow"
    id="disabled-form-row-row"
    style="padding-left:10px"
  >
    <div
      class="euiFormRow__labelWrapper"
    >
      <label
        class="euiFormLabel euiFormRow__label"
        for="disabled-form-row"
      >
        Monitor state
      </label>
    </div>
    <div
      class="euiFormRow__fieldWrapper"
    >
      <div
        class="euiCheckbox"
      >
        <input
          class="euiCheckbox__input"
          id="disabled"
          name="disabled"
          type="checkbox"
        />
        <div
          class="euiCheckbox__square"
        />
        <label
          class="euiCheckbox__label"
          for="disabled"
        >
          Disable monitor
        </label>
      </div>
      <div
        class="euiFormHelpText euiFormRow__text"
        id="disabled-form-row-help"
      >
        Disabled monitors do not run.
      </div>
    </div>
  </div>,
]
`;
