// Jest Snapshot v1, https://goo.gl/fbAQLP

exports[`<EmptyHistory/> renders 1`] = `
<div
  class="euiEmptyPrompt"
  style="max-width:45em"
>
  <span
    class="euiTextColor euiTextColor--subdued"
  >
    <div
      class="euiText euiText--medium"
    >
      <div
        class="euiText euiText--medium"
      >
        <p>
          There are no Triggers. Create a trigger to start alerting. Once a alarm is triggered, the state will be displayed in time series.
        </p>
      </div>
    </div>
  </span>
  <div
    class="euiSpacer euiSpacer--l"
  />
  <div
    class="euiSpacer euiSpacer--s"
  />
  <button
    class="euiButton euiButton--primary euiButton--fill"
    type="button"
  >
    <span
      class="euiButtonContent euiButton__content"
    >
      <span
        class="euiButton__text"
      >
        Create trigger
      </span>
    </span>
  </button>
</div>
`;
