// Jest Snapshot v1, https://goo.gl/fbAQLP

exports[`MonitorEmptyPrompt renders 1`] = `
<div
  class="euiEmptyPrompt"
  style="max-width:45em"
>
  <span
    class="euiTextColor euiTextColor--subdued"
  >
    <div
      class="euiText euiText--medium"
    >
      <div
        class="euiText euiText--medium"
      >
        <p>
          There are no existing monitors. Create a monitor to add triggers and actions.
        </p>
      </div>
    </div>
  </span>
  <div
    class="euiSpacer euiSpacer--l"
  />
  <div
    class="euiSpacer euiSpacer--s"
  />
  <a
    class="euiButton euiButton--primary euiButton--fill"
    href="opendistro-alerting#/create-monitor"
    rel="noreferrer"
  >
    <span
      class="euiButtonContent euiButton__content"
    >
      <span
        class="euiButton__text"
      >
        Create monitor
      </span>
    </span>
  </a>
</div>
`;
