// Jest Snapshot v1, https://goo.gl/fbAQLP

exports[`MonitorActions renders 1`] = `
<div
  class="euiFlexGroup euiFlexGroup--gutterLarge euiFlexGroup--alignItemsCenter euiFlexGroup--justifyContentSpaceBetween euiFlexGroup--directionRow euiFlexGroup--responsive"
>
  <div
    class="euiFlexItem euiFlexItem--flexGrowZero"
  >
    <div
      class="euiPopover euiPopover--anchorDownLeft"
      id="actionsPopover"
    >
      <div
        class="euiPopover__anchor"
      >
        <button
          class="euiButton euiButton--primary"
          data-test-subj="actionsButton"
          type="button"
        >
          <span
            class="euiButtonContent euiButtonContent--iconRight euiButton__content"
          >
            <div>
              EuiIconMock
            </div>
            <span
              class="euiButton__text"
            >
              Actions
            </span>
          </span>
        </button>
      </div>
    </div>
  </div>
  <div
    class="euiFlexItem euiFlexItem--flexGrowZero"
  >
    <button
      class="euiButton euiButton--primary euiButton-isDisabled"
      data-test-subj="editButton"
      disabled=""
      type="button"
    >
      <span
        class="euiButtonContent euiButton__content"
      >
        <span
          class="euiButton__text"
        >
          Edit
        </span>
      </span>
    </button>
  </div>
  <div
    class="euiFlexItem euiFlexItem--flexGrowZero"
  >
    <a
      class="euiButton euiButton--primary euiButton--fill"
      data-test-subj="createButton"
      href="opendistro-alerting#/create-monitor"
      rel="noreferrer"
    >
      <span
        class="euiButtonContent euiButton__content"
      >
        <span
          class="euiButton__text"
        >
          Create monitor
        </span>
      </span>
    </a>
  </div>
</div>
`;
