// Jest Snapshot v1, https://goo.gl/fbAQLP

exports[`<DestinationsActions /> should render DestinationsActions 1`] = `
<div
  class="euiFlexGroup euiFlexGroup--gutterLarge euiFlexGroup--alignItemsCenter euiFlexGroup--justifyContentSpaceBetween euiFlexGroup--directionRow euiFlexGroup--responsive"
>
  <div
    class="euiFlexItem euiFlexItem--flexGrowZero"
  >
    <a
      class="euiButton euiButton--primary euiButton--fill"
      href="opendistro-alerting#/create-destination"
      rel="noreferrer"
    >
      <span
        class="euiButton__content"
      >
        <span
          class="euiButton__text"
        >
          Add destination
        </span>
      </span>
    </a>
  </div>
</div>
`;
