// Jest Snapshot v1, https://goo.gl/fbAQLP

exports[`MonitorExpressions renders 1`] = `
<div
  class="euiFlexGroup euiFlexGroup--gutterLarge euiFlexGroup--alignItemsCenter euiFlexGroup--directionRow euiFlexGroup--responsive"
>
  <div
    class="euiFlexItem euiFlexItem--flexGrowZero"
  >
    <div
      class="euiPopover euiPopover--anchorDownLeft euiPopover--withTitle"
      id="when-popover"
    >
      <div
        class="euiPopover__anchor"
      >
        <button
          class="euiExpression euiExpression-isClickable euiExpression-isUppercase euiExpression--secondary"
        >
          <span
            class="euiExpression__description"
          >
            when
          </span>
           
          <span
            class="euiExpression__value"
          >
            count()
          </span>
        </button>
      </div>
    </div>
  </div>
  <div
    class="euiFlexItem euiFlexItem--flexGrowZero"
  >
    <div
      class="euiPopover euiPopover--anchorDownLeft euiPopover--withTitle"
      id="over-popover"
    >
      <div
        class="euiPopover__anchor"
      >
        <button
          class="euiExpression euiExpression-isClickable euiExpression-isUppercase euiExpression--secondary"
        >
          <span
            class="euiExpression__description"
          >
            over
          </span>
           
          <span
            class="euiExpression__value"
          >
            all documents
          </span>
        </button>
      </div>
    </div>
  </div>
  <div
    class="euiFlexItem euiFlexItem--flexGrowZero"
  >
    <div
      class="euiPopover euiPopover--anchorDownLeft euiPopover--withTitle"
      id="for-popover"
    >
      <div
        class="euiPopover__anchor"
      >
        <button
          class="euiExpression euiExpression-isClickable euiExpression-isUppercase euiExpression--secondary"
        >
          <span
            class="euiExpression__description"
          >
            for the last
          </span>
           
          <span
            class="euiExpression__value"
          >
            1 hour(s)
          </span>
        </button>
      </div>
    </div>
  </div>
  <div
    class="euiFlexItem euiFlexItem--flexGrowZero"
  >
    <div
      class="euiPopover euiPopover--anchorDownLeft euiPopover--withTitle"
      id="where-popover"
    >
      <div
        class="euiPopover__anchor"
      >
        <button
          class="euiExpression euiExpression-isClickable euiExpression-isUppercase euiExpression--secondary"
        >
          <span
            class="euiExpression__description"
          >
            where
          </span>
           
          <span
            class="euiExpression__value"
          >
            all fields are included
          </span>
        </button>
      </div>
    </div>
  </div>
</div>
`;
