// Jest Snapshot v1, https://goo.gl/fbAQLP

exports[`FormikSwitch renders 1`] = `
<div
  class="euiSwitch"
>
  <button
    aria-checked="false"
    aria-labelledby="generated-id"
    class="euiSwitch__button"
    id="testing"
    name="testing"
    role="switch"
    type="button"
  >
    <span
      class="euiSwitch__body"
    >
      <span
        class="euiSwitch__thumb"
      />
      <span
        class="euiSwitch__track"
      >
        <div>
          EuiIconMock
        </div>
        <div>
          EuiIconMock
        </div>
      </span>
    </span>
  </button>
  <span
    class="euiSwitch__label"
    id="generated-id"
  />
</div>
`;
