// Jest Snapshot v1, https://goo.gl/fbAQLP

exports[`TriggerQuery renders 1`] = `
<div
  style={
    Object {
      "marginTop": "0px",
      "padding": "0px 10px",
    }
  }
>
  <EuiFlexGroup
    direction="column"
  >
    <EuiFlexItem>
      <EuiFormRow
        describedByIds={Array []}
        fullWidth={true}
        hasEmptyLabelSpace={false}
        label="Extraction query response"
        labelType="label"
      >
        <EuiCodeEditor
          mode="json"
          readOnly={true}
          setOptions={Object {}}
          theme="github"
          value="null"
          width="100%"
        />
      </EuiFormRow>
    </EuiFlexItem>
    <EuiFlexItem>
      <C
        name="script.source"
        render={[Function]}
      />
    </EuiFlexItem>
    <EuiFlexItem
      grow={false}
    >
      <EuiFormRow
        describedByIds={Array []}
        fullWidth={true}
        hasEmptyLabelSpace={false}
        label="Trigger condition response:"
        labelType="label"
      >
        <EuiCodeEditor
          height="200px"
          readOnly={true}
          setOptions={Object {}}
          theme="github"
          value="No response"
          width="100%"
        />
      </EuiFormRow>
    </EuiFlexItem>
  </EuiFlexGroup>
  <EuiSpacer
    size="s"
  />
  <EuiFlexGroup
    alignItems="center"
    justifyContent="spaceBetween"
  >
    <EuiFlexItem
      grow={false}
    >
      <EuiButton
        color="primary"
        fill={false}
        iconSide="left"
        onClick={[Function]}
        size="m"
        type="button"
      >
        Run
      </EuiButton>
    </EuiFlexItem>
  </EuiFlexGroup>
</div>
`;
